// Jest Snapshot v1, https://goo.gl/fbAQLP

exports[`test common1 1`] = `
<div
  className="test"
>
  test--
</div>
`;
